{
    "all_files": {
        "content": [
            [
                "extracted_reads",
                "extracted_reads/diamond",
                "extracted_reads/diamond/SRR13439790_taxid_10804_adeno-associated-virus-2.extracted_diamond_read_1.fa",
                "extracted_reads/diamond/SRR13439790_taxid_10804_adeno-associated-virus-2.extracted_diamond_read_2.fa",
                "extracted_reads/diamond/SRR13439790_taxid_1239384_Escherichia-phage-IME11.extracted_diamond_read_1.fa",
                "extracted_reads/diamond/SRR13439790_taxid_1239384_Escherichia-phage-IME11.extracted_diamond_read_2.fa",
                "extracted_reads/diamond/SRR13439790_taxid_1920753_Gamaleyavirus.extracted_diamond_read_1.fa",
                "extracted_reads/diamond/SRR13439790_taxid_1920753_Gamaleyavirus.extracted_diamond_read_2.fa",
                "extracted_reads/diamond/SRR13439790_taxid_2886042_Shigella-virus-Moo19.extracted_diamond_read_1.fa",
                "extracted_reads/diamond/SRR13439790_taxid_2886042_Shigella-virus-Moo19.extracted_diamond_read_2.fa",
                "extracted_reads/diamond/SRR13439799_taxid_11320_Influenza-A-virus.extracted_diamond_reads.fa",
                "extracted_reads/diamond/SRR13439802_taxid_11646_Lentivirus.extracted_diamond_read_1.fa",
                "extracted_reads/diamond/SRR13439802_taxid_11646_Lentivirus.extracted_diamond_read_2.fa",
                "extracted_reads/diamond/SRR13439802_taxid_11676_Human-immunodeficiency-virus-1.extracted_diamond_read_1.fa",
                "extracted_reads/diamond/SRR13439802_taxid_11676_Human-immunodeficiency-virus-1.extracted_diamond_read_2.fa",
                "extracted_reads/diamond/SRR13439802_taxid_2731643_Autographiviridae.extracted_diamond_read_1.fa",
                "extracted_reads/diamond/SRR13439802_taxid_2731643_Autographiviridae.extracted_diamond_read_2.fa",
                "extracted_reads/diamond/SRR13439802_taxid_2886042_Shigella-virus-Moo19.extracted_diamond_read_1.fa",
                "extracted_reads/diamond/SRR13439802_taxid_2886042_Shigella-virus-Moo19.extracted_diamond_read_2.fa",
                "extracted_reads/diamond/SRR13439813_taxid_10404_Hepadnaviridae.extracted_diamond_read_1.fa",
                "extracted_reads/diamond/SRR13439813_taxid_10404_Hepadnaviridae.extracted_diamond_read_2.fa",
                "extracted_reads/diamond/SRR13439813_taxid_10405_Orthohepadnavirus.extracted_diamond_read_1.fa",
                "extracted_reads/diamond/SRR13439813_taxid_10405_Orthohepadnavirus.extracted_diamond_read_2.fa",
                "extracted_reads/diamond/SRR13439813_taxid_1054461_Escherichia-phage-vB-EcoP-G7C.extracted_diamond_read_1.fa",
                "extracted_reads/diamond/SRR13439813_taxid_1054461_Escherichia-phage-vB-EcoP-G7C.extracted_diamond_read_2.fa",
                "extracted_reads/diamond/SRR13439813_taxid_1239384_Escherichia-phage-IME11.extracted_diamond_read_1.fa",
                "extracted_reads/diamond/SRR13439813_taxid_1239384_Escherichia-phage-IME11.extracted_diamond_read_2.fa",
                "extracted_reads/diamond/SRR13439813_taxid_153135_Gammaretrovirus.extracted_diamond_read_1.fa",
                "extracted_reads/diamond/SRR13439813_taxid_153135_Gammaretrovirus.extracted_diamond_read_2.fa",
                "extracted_reads/diamond/SRR13439813_taxid_1920753_Gamaleyavirus.extracted_diamond_read_1.fa",
                "extracted_reads/diamond/SRR13439813_taxid_1920753_Gamaleyavirus.extracted_diamond_read_2.fa",
                "extracted_reads/diamond/SRR13439813_taxid_2163996_Capuchin-monkey-hepatitis-B-virus.extracted_diamond_read_1.fa",
                "extracted_reads/diamond/SRR13439813_taxid_2163996_Capuchin-monkey-hepatitis-B-virus.extracted_diamond_read_2.fa",
                "extracted_reads/diamond/SRR13439813_taxid_2731643_Autographiviridae.extracted_diamond_read_1.fa",
                "extracted_reads/diamond/SRR13439813_taxid_2731643_Autographiviridae.extracted_diamond_read_2.fa",
                "extracted_reads/diamond/SRR13439813_taxid_2886042_Shigella-virus-Moo19.extracted_diamond_read_1.fa",
                "extracted_reads/diamond/SRR13439813_taxid_2886042_Shigella-virus-Moo19.extracted_diamond_read_2.fa",
                "pipeline_info",
                "pipeline_info/genomic-medicine-sweden_metaval_software_mqc_versions.yml",
                "spades",
                "spades/diamond",
                "spades/diamond/SRR13439802_taxid_11646_Lentivirus_diamond.contigs.fa",
                "spades/diamond/SRR13439802_taxid_11646_Lentivirus_diamond.scaffolds.fa",
                "spades/diamond/SRR13439802_taxid_11646_Lentivirus_diamond.spades.log",
                "spades/diamond/SRR13439802_taxid_11646_Lentivirus_diamond.warnings.log",
                "spades/diamond/SRR13439802_taxid_11676_Human-immunodeficiency-virus-1_diamond.contigs.fa",
                "spades/diamond/SRR13439802_taxid_11676_Human-immunodeficiency-virus-1_diamond.scaffolds.fa",
                "spades/diamond/SRR13439802_taxid_11676_Human-immunodeficiency-virus-1_diamond.spades.log",
                "spades/diamond/SRR13439813_taxid_10404_Hepadnaviridae_diamond.contigs.fa",
                "spades/diamond/SRR13439813_taxid_10404_Hepadnaviridae_diamond.scaffolds.fa",
                "spades/diamond/SRR13439813_taxid_10404_Hepadnaviridae_diamond.spades.log",
                "spades/diamond/SRR13439813_taxid_10404_Hepadnaviridae_diamond.warnings.log",
                "spades/diamond/SRR13439813_taxid_10405_Orthohepadnavirus_diamond.contigs.fa",
                "spades/diamond/SRR13439813_taxid_10405_Orthohepadnavirus_diamond.scaffolds.fa",
                "spades/diamond/SRR13439813_taxid_10405_Orthohepadnavirus_diamond.spades.log",
                "spades/diamond/SRR13439813_taxid_10405_Orthohepadnavirus_diamond.warnings.log",
                "spades/diamond/SRR13439813_taxid_1054461_Escherichia-phage-vB-EcoP-G7C_diamond.contigs.fa",
                "spades/diamond/SRR13439813_taxid_1054461_Escherichia-phage-vB-EcoP-G7C_diamond.scaffolds.fa",
                "spades/diamond/SRR13439813_taxid_1054461_Escherichia-phage-vB-EcoP-G7C_diamond.spades.log",
                "spades/diamond/SRR13439813_taxid_1054461_Escherichia-phage-vB-EcoP-G7C_diamond.warnings.log",
                "spades/diamond/SRR13439813_taxid_2163996_Capuchin-monkey-hepatitis-B-virus_diamond.contigs.fa",
                "spades/diamond/SRR13439813_taxid_2163996_Capuchin-monkey-hepatitis-B-virus_diamond.scaffolds.fa",
                "spades/diamond/SRR13439813_taxid_2163996_Capuchin-monkey-hepatitis-B-virus_diamond.spades.log",
                "spades/diamond/SRR13439813_taxid_2163996_Capuchin-monkey-hepatitis-B-virus_diamond.warnings.log",
                "spades/diamond/SRR13439813_taxid_2731643_Autographiviridae_diamond.contigs.fa",
                "spades/diamond/SRR13439813_taxid_2731643_Autographiviridae_diamond.scaffolds.fa",
                "spades/diamond/SRR13439813_taxid_2731643_Autographiviridae_diamond.spades.log",
                "spades/diamond/SRR13439813_taxid_2731643_Autographiviridae_diamond.warnings.log",
                "taxpasta_flagged",
                "taxpasta_flagged/SRR13439790_DNA_batch1_diamond.tsv",
                "taxpasta_flagged/SRR13439799_OTHER_batch3_diamond.tsv",
                "taxpasta_flagged/SRR13439802_DNA_batch2_diamond.tsv",
                "taxpasta_flagged/SRR13439813_DNA_batch2_diamond.tsv",
                "viral_taxids",
                "viral_taxids/SRR13439790_diamond_viral_taxids.tsv",
                "viral_taxids/SRR13439799_diamond_viral_taxids.tsv",
                "viral_taxids/SRR13439802_diamond_viral_taxids.tsv",
                "viral_taxids/SRR13439813_diamond_viral_taxids.tsv"
            ]
        ],
        "timestamp": "2026-09-15T15:41:09.470418098",
        "meta": {
            "nf-test": "0.9.5",
            "nextflow": "26.04.6"
        }
    },
    "viral_taxids": {
        "content": [
            [
                "SRR13439790_diamond_viral_taxids.tsv:md5,0ef0fccffa306f5ba737023e76203064",
                "SRR13439799_diamond_viral_taxids.tsv:md5,f0050886ae85585d42bdba12a480f335",
                "SRR13439802_diamond_viral_taxids.tsv:md5,4ff87012bae8f142f2acc99ecfd01efb",
                "SRR13439813_diamond_viral_taxids.tsv:md5,99c315cbd450d9f5985ce95adf418aa8"
            ]
        ],
        "timestamp": "2026-08-28T17:38:33.336441658",
        "meta": {
            "nf-test": "0.9.5",
            "nextflow": "26.04.6"
        }
    },
    "spades_diamond": {
        "content": [
            [
                "SRR13439802_taxid_11646_Lentivirus_diamond.contigs.fa exists: true",
                "SRR13439802_taxid_11646_Lentivirus_diamond.scaffolds.fa exists: true",
                "SRR13439802_taxid_11646_Lentivirus_diamond.spades.log exists: true",
                "SRR13439802_taxid_11646_Lentivirus_diamond.warnings.log exists: true",
                "SRR13439802_taxid_11676_Human-immunodeficiency-virus-1_diamond.contigs.fa exists: true",
                "SRR13439802_taxid_11676_Human-immunodeficiency-virus-1_diamond.scaffolds.fa exists: true",
                "SRR13439802_taxid_11676_Human-immunodeficiency-virus-1_diamond.spades.log exists: true",
                "SRR13439813_taxid_10404_Hepadnaviridae_diamond.contigs.fa exists: true",
                "SRR13439813_taxid_10404_Hepadnaviridae_diamond.scaffolds.fa exists: true",
                "SRR13439813_taxid_10404_Hepadnaviridae_diamond.spades.log exists: true",
                "SRR13439813_taxid_10404_Hepadnaviridae_diamond.warnings.log exists: true",
                "SRR13439813_taxid_10405_Orthohepadnavirus_diamond.contigs.fa exists: true",
                "SRR13439813_taxid_10405_Orthohepadnavirus_diamond.scaffolds.fa exists: true",
                "SRR13439813_taxid_10405_Orthohepadnavirus_diamond.spades.log exists: true",
                "SRR13439813_taxid_10405_Orthohepadnavirus_diamond.warnings.log exists: true",
                "SRR13439813_taxid_1054461_Escherichia-phage-vB-EcoP-G7C_diamond.contigs.fa exists: true",
                "SRR13439813_taxid_1054461_Escherichia-phage-vB-EcoP-G7C_diamond.scaffolds.fa exists: true",
                "SRR13439813_taxid_1054461_Escherichia-phage-vB-EcoP-G7C_diamond.spades.log exists: true",
                "SRR13439813_taxid_1054461_Escherichia-phage-vB-EcoP-G7C_diamond.warnings.log exists: true",
                "SRR13439813_taxid_2163996_Capuchin-monkey-hepatitis-B-virus_diamond.contigs.fa exists: true",
                "SRR13439813_taxid_2163996_Capuchin-monkey-hepatitis-B-virus_diamond.scaffolds.fa exists: true",
                "SRR13439813_taxid_2163996_Capuchin-monkey-hepatitis-B-virus_diamond.spades.log exists: true",
                "SRR13439813_taxid_2163996_Capuchin-monkey-hepatitis-B-virus_diamond.warnings.log exists: true",
                "SRR13439813_taxid_2731643_Autographiviridae_diamond.contigs.fa exists: true",
                "SRR13439813_taxid_2731643_Autographiviridae_diamond.scaffolds.fa exists: true",
                "SRR13439813_taxid_2731643_Autographiviridae_diamond.spades.log exists: true",
                "SRR13439813_taxid_2731643_Autographiviridae_diamond.warnings.log exists: true"
            ]
        ],
        "timestamp": "2026-09-15T15:41:09.869283279",
        "meta": {
            "nf-test": "0.9.5",
            "nextflow": "26.04.6"
        }
    },
    "bowtie2_build": {
        "content": [
            [
                
            ]
        ],
        "timestamp": "2026-09-15T15:41:09.817653226",
        "meta": {
            "nf-test": "0.9.5",
            "nextflow": "26.04.6"
        }
    },
    "samtools_depth": {
        "content": [
            [
                
            ]
        ],
        "timestamp": "2026-09-15T15:41:09.922667863",
        "meta": {
            "nf-test": "0.9.5",
            "nextflow": "26.04.6"
        }
    },
    "blastn": {
        "content": [
            [
                "SRR13439790_taxid_2886042_Shigella-virus-Moo19_diamond_blast_filtered.txt(diamond) contains string:true",
                "SRR13439790_taxid_2886042_Shigella-virus-Moo19_diamond_blast_filtered_summary.txt(diamond) contains string:true",
                "SRR13439799_taxid_11320_Influenza-A-virus_diamond_blast_filtered.txt(diamond) contains string:true",
                "SRR13439799_taxid_11320_Influenza-A-virus_diamond_blast_filtered_summary.txt(diamond) contains string:true",
                "SRR13439802_taxid_2886042_Shigella-virus-Moo19_diamond_blast_filtered.txt(diamond) contains string:true",
                "SRR13439802_taxid_2886042_Shigella-virus-Moo19_diamond_blast_filtered_summary.txt(diamond) contains string:true",
                "SRR13439813_taxid_1239384_Escherichia-phage-IME11_diamond_blast_filtered.txt(diamond) contains string:true",
                "SRR13439813_taxid_1239384_Escherichia-phage-IME11_diamond_blast_filtered_summary.txt(diamond) contains string:true",
                "SRR13439813_taxid_1920753_Gamaleyavirus_diamond_blast_filtered.txt(diamond) contains string:true",
                "SRR13439813_taxid_1920753_Gamaleyavirus_diamond_blast_filtered_summary.txt(diamond) contains string:true",
                "SRR13439813_taxid_2886042_Shigella-virus-Moo19_diamond_blast_filtered.txt(diamond) contains string:true",
                "SRR13439813_taxid_2886042_Shigella-virus-Moo19_diamond_blast_filtered_summary.txt(diamond) contains string:true"
            ]
        ],
        "timestamp": "2026-08-28T17:38:32.717334658",
        "meta": {
            "nf-test": "0.9.5",
            "nextflow": "26.04.6"
        }
    },
    "minimap2_align": {
        "content": [
            "No BAM files",
            [
                
            ]
        ],
        "timestamp": "2026-09-15T15:41:09.840785205",
        "meta": {
            "nf-test": "0.9.5",
            "nextflow": "26.04.6"
        }
    },
    "extracted_reads": {
        "content": [
            [
                "SRR13439790_taxid_10804_adeno-associated-virus-2.extracted_diamond_read_1.fa(extracted reads diamond) contains string:true",
                "SRR13439790_taxid_10804_adeno-associated-virus-2.extracted_diamond_read_2.fa(extracted reads diamond) contains string:true",
                "SRR13439790_taxid_1239384_Escherichia-phage-IME11.extracted_diamond_read_1.fa(extracted reads diamond) contains string:true",
                "SRR13439790_taxid_1239384_Escherichia-phage-IME11.extracted_diamond_read_2.fa(extracted reads diamond) contains string:true",
                "SRR13439790_taxid_1920753_Gamaleyavirus.extracted_diamond_read_1.fa(extracted reads diamond) contains string:true",
                "SRR13439790_taxid_1920753_Gamaleyavirus.extracted_diamond_read_2.fa(extracted reads diamond) contains string:true",
                "SRR13439790_taxid_2886042_Shigella-virus-Moo19.extracted_diamond_read_1.fa(extracted reads diamond) contains string:true",
                "SRR13439790_taxid_2886042_Shigella-virus-Moo19.extracted_diamond_read_2.fa(extracted reads diamond) contains string:true",
                "SRR13439799_taxid_11320_Influenza-A-virus.extracted_diamond_reads.fa(extracted reads diamond) contains string:true",
                "SRR13439802_taxid_11646_Lentivirus.extracted_diamond_read_1.fa(extracted reads diamond) contains string:true",
                "SRR13439802_taxid_11646_Lentivirus.extracted_diamond_read_2.fa(extracted reads diamond) contains string:true",
                "SRR13439802_taxid_11676_Human-immunodeficiency-virus-1.extracted_diamond_read_1.fa(extracted reads diamond) contains string:true",
                "SRR13439802_taxid_11676_Human-immunodeficiency-virus-1.extracted_diamond_read_2.fa(extracted reads diamond) contains string:true",
                "SRR13439802_taxid_2731643_Autographiviridae.extracted_diamond_read_1.fa(extracted reads diamond) contains string:true",
                "SRR13439802_taxid_2731643_Autographiviridae.extracted_diamond_read_2.fa(extracted reads diamond) contains string:true",
                "SRR13439802_taxid_2886042_Shigella-virus-Moo19.extracted_diamond_read_1.fa(extracted reads diamond) contains string:true",
                "SRR13439802_taxid_2886042_Shigella-virus-Moo19.extracted_diamond_read_2.fa(extracted reads diamond) contains string:true",
                "SRR13439813_taxid_10404_Hepadnaviridae.extracted_diamond_read_1.fa(extracted reads diamond) contains string:true",
                "SRR13439813_taxid_10404_Hepadnaviridae.extracted_diamond_read_2.fa(extracted reads diamond) contains string:true",
                "SRR13439813_taxid_10405_Orthohepadnavirus.extracted_diamond_read_1.fa(extracted reads diamond) contains string:true",
                "SRR13439813_taxid_10405_Orthohepadnavirus.extracted_diamond_read_2.fa(extracted reads diamond) contains string:true",
                "SRR13439813_taxid_1054461_Escherichia-phage-vB-EcoP-G7C.extracted_diamond_read_1.fa(extracted reads diamond) contains string:true",
                "SRR13439813_taxid_1054461_Escherichia-phage-vB-EcoP-G7C.extracted_diamond_read_2.fa(extracted reads diamond) contains string:true",
                "SRR13439813_taxid_1239384_Escherichia-phage-IME11.extracted_diamond_read_1.fa(extracted reads diamond) contains string:true",
                "SRR13439813_taxid_1239384_Escherichia-phage-IME11.extracted_diamond_read_2.fa(extracted reads diamond) contains string:true",
                "SRR13439813_taxid_153135_Gammaretrovirus.extracted_diamond_read_1.fa(extracted reads diamond) contains string:true",
                "SRR13439813_taxid_153135_Gammaretrovirus.extracted_diamond_read_2.fa(extracted reads diamond) contains string:true",
                "SRR13439813_taxid_1920753_Gamaleyavirus.extracted_diamond_read_1.fa(extracted reads diamond) contains string:true",
                "SRR13439813_taxid_1920753_Gamaleyavirus.extracted_diamond_read_2.fa(extracted reads diamond) contains string:true",
                "SRR13439813_taxid_2163996_Capuchin-monkey-hepatitis-B-virus.extracted_diamond_read_1.fa(extracted reads diamond) contains string:true",
                "SRR13439813_taxid_2163996_Capuchin-monkey-hepatitis-B-virus.extracted_diamond_read_2.fa(extracted reads diamond) contains string:true",
                "SRR13439813_taxid_2731643_Autographiviridae.extracted_diamond_read_1.fa(extracted reads diamond) contains string:true",
                "SRR13439813_taxid_2731643_Autographiviridae.extracted_diamond_read_2.fa(extracted reads diamond) contains string:true",
                "SRR13439813_taxid_2886042_Shigella-virus-Moo19.extracted_diamond_read_1.fa(extracted reads diamond) contains string:true",
                "SRR13439813_taxid_2886042_Shigella-virus-Moo19.extracted_diamond_read_2.fa(extracted reads diamond) contains string:true"
            ]
        ],
        "timestamp": "2026-09-15T15:41:09.741246999",
        "meta": {
            "nf-test": "0.9.5",
            "nextflow": "26.04.6"
        }
    },
    "minimap2_index": {
        "content": [
            [
                "GCA_037915385.1_ASM3791538v1_genomic.fna.mmi exists: true"
            ]
        ],
        "timestamp": "2026-08-28T17:38:33.052710826",
        "meta": {
            "nf-test": "0.9.5",
            "nextflow": "26.04.6"
        }
    },
    "samtools_coverage_plot": {
        "content": [
            [
                "SRR13439790_diamond_taxid_2886042_Shigella-virus-Moo19_mappingorganism_Shigella-virus-Moo19_GCA_020882845.1.png exists: true",
                "SRR13439799_diamond_taxid_11320_Influenza-A-virus_mappingorganism_Influenza-A-virus-A-Puerto-Rico-8-1934-H1N1_GCA_037915385.1.png exists: true",
                "SRR13439802_diamond_taxid_2886042_Shigella-virus-Moo19_mappingorganism_Shigella-virus-Moo19_GCA_020882845.1.png exists: true",
                "SRR13439813_diamond_taxid_2886042_Shigella-virus-Moo19_mappingorganism_Shigella-virus-Moo19_GCA_020882845.1.png exists: true"
            ]
        ],
        "timestamp": "2026-08-28T17:38:33.547918918",
        "meta": {
            "nf-test": "0.9.5",
            "nextflow": "26.04.6"
        }
    },
    "-profile test_verifyspecies_diamond": {
        "content": [
            {
                "Workflow": {
                    "genomic-medicine-sweden/metaval": "v1.0dev"
                }
            }
        ],
        "timestamp": "2026-09-15T15:41:09.40240954",
        "meta": {
            "nf-test": "0.9.5",
            "nextflow": "26.04.6"
        }
    },
    "samtools_coverage": {
        "content": [
            [
                
            ]
        ],
        "timestamp": "2026-09-15T15:41:09.893449458",
        "meta": {
            "nf-test": "0.9.5",
            "nextflow": "26.04.6"
        }
    },
    "report": {
        "content": [
            [
                "metaval_report.html exists: true"
            ]
        ],
        "timestamp": "2026-08-28T17:38:33.408274963",
        "meta": {
            "nf-test": "0.9.5",
            "nextflow": "26.04.6"
        }
    },
    "bowtie2_align": {
        "content": [
            "No BAM files"
        ],
        "timestamp": "2026-09-15T15:41:09.788189576",
        "meta": {
            "nf-test": "0.9.5",
            "nextflow": "26.04.6"
        }
    },
    "igv": {
        "content": [
            [
                "SRR13439790_diamond_taxid_2886042_Shigella-virus-Moo19_mappingorganism_Shigella-virus-Moo19_GCA_020882845.1_report.html exists: true",
                "SRR13439799_diamond_taxid_11320_Influenza-A-virus_mappingorganism_Influenza-A-virus-A-Puerto-Rico-8-1934-H1N1_GCA_037915385.1_report.html exists: true",
                "SRR13439802_diamond_taxid_2886042_Shigella-virus-Moo19_mappingorganism_Shigella-virus-Moo19_GCA_020882845.1_report.html exists: true",
                "SRR13439813_diamond_taxid_2886042_Shigella-virus-Moo19_mappingorganism_Shigella-virus-Moo19_GCA_020882845.1_report.html exists: true"
            ]
        ],
        "timestamp": "2026-08-28T17:38:33.199945999",
        "meta": {
            "nf-test": "0.9.5",
            "nextflow": "26.04.6"
        }
    },
    "taxpasta_flagged": {
        "content": [
            [
                "SRR13439790_DNA_batch1_diamond.tsv:md5,b886aa18c1c230ecc528106f36b3d885",
                "SRR13439799_OTHER_batch3_diamond.tsv:md5,8c466ba2eb831a9ce946625553f0d763",
                "SRR13439802_DNA_batch2_diamond.tsv:md5,62c743a68a4128eba457792d744879bb",
                "SRR13439813_DNA_batch2_diamond.tsv:md5,71e3ef5c6ee3ecab9a6556fde93a3b19"
            ]
        ],
        "timestamp": "2026-08-28T17:38:33.712946873",
        "meta": {
            "nf-test": "0.9.5",
            "nextflow": "26.04.6"
        }
    }
}